     1                                  bits 32 
     2                                  ; problems 6 & 20
     3                                  
     4                                  global start        
     5                                  
     6                                  
     7                                  extern exit               
     8                                  import exit msvcrt.dll    
     9                                                            
    10                                  
    11                                  
    12                                  segment data use32 class=data
    13 00000000 00010000                    a dd 256
    14 00000004 01000000                    b dd 1
    15                                      
    16 00000008 0D                          c db 13
    17 00000009 03                          d db 3
    18                                      
    19                                  
    20                                  
    21                                  segment code use32 class=code
    22                                      start:
    23                                          ; ...
    24                                          
    25 00000000 66A1[00000000]                  mov AX, [a]
    26 00000006 668B15[04000000]                mov DX, [b]
    27 0000000D 66F7E2                          mul DX
    28                                          
    29 00000010 66B80000                        mov AX, 0
    30 00000014 A0[08000000]                    mov AL, [c]
    31                                          ;mov BL, [d]
    32 00000019 F635[09000000]                  div byte[d]
    33                                      
    34                                          ; exit(0)
    35 0000001F 6A00                            push    dword 0      ; push the parameter for exit onto the stack
    36 00000021 FF15[00000000]                  call    [exit]       ; call exit to terminate the program
