     1                                  bits 32 ; assembling for the 32 bits architecture
     2                                  
     3                                  global start        
     4                                  
     5                                  extern exit               
     6                                  import exit msvcrt.dll    
     7                                  
     8                                  ; our data is declared here (the variables needed by our program)
     9                                  segment data use32 class=data
    10                                      ; a - byte, b - word, c - double word, d - qword - Signed representation
    11 00000000 04                          a db 4
    12 00000001 2C01                        b dw 300
    13 00000003 46000000                    c dd 70
    14 00000007 1111111111111111            d dq 1111111111111111h
    15                                  
    16                                  ; our code starts here
    17                                  segment code use32 class=code
    18                                      start:
    19                                          ; c-(d+a)+(b+c)
    20 00000000 A0[00000000]                    mov AL, [a]
    21 00000005 6698                            cbw
    22 00000007 98                              cwde
    23 00000008 99                              cdq
    24 00000009 F8                              clc
    25 0000000A 0305[07000000]                  add EAX, [d + 0]
    26 00000010 0315[0B000000]                  add EDX, [d + 4]
    27                                      
    28                                          ; exit(0)
    29 00000016 6A00                            push    dword 0      ; push the parameter for exit onto the stack
    30 00000018 FF15[00000000]                  call    [exit]       ; call exit to terminate the program
